A51 MACRO ASSEMBLER  SQWAV1KHZ                                                            02/27/2023 12:08:27 PAGE     1


MACRO ASSEMBLER A51 V8.2.5.0
OBJECT MODULE PLACED IN .\Objects\sqwav1khz.obj
ASSEMBLER INVOKED BY: C:\Keil_v5\C51\BIN\A51.EXE sqwav1khz.asm SET(SMALL) DEBUG PRINT(.\Listings\sqwav1khz.lst) OBJECT(.
                      \Objects\sqwav1khz.obj) EP

LOC  OBJ            LINE     SOURCE

0000                   1     ORG 0000H

0000 758910            2             MOV TMOD, #10H

0003 758A86            3             HERE: MOV TL0, #86H

0006 758DFD            4             MOV TH1, #0FDH

0009 B291              5             CPL P1.1

000B 110F              6             ACALL DELAY

000D 80F4              7             SJMP HERE

000F D28C              8             DELAY: SETB TR0

0011 308DFD            9             AGAIN: JNB TF0, AGAIN

0014 C28C             10             CLR TR0

0016 C28D             11             CLR TF0

0018 22               12             RET

                      13     END

A51 MACRO ASSEMBLER  SQWAV1KHZ                                                            02/27/2023 12:08:27 PAGE     2

SYMBOL TABLE LISTING
------ ----- -------


N A M E             T Y P E  V A L U E   ATTRIBUTES

AGAIN. . . . . . .  C ADDR   0011H   A   
DELAY. . . . . . .  C ADDR   000FH   A   
HERE . . . . . . .  C ADDR   0003H   A   
P1 . . . . . . . .  D ADDR   0090H   A   
TF0. . . . . . . .  B ADDR   0088H.5 A   
TH1. . . . . . . .  D ADDR   008DH   A   
TL0. . . . . . . .  D ADDR   008AH   A   
TMOD . . . . . . .  D ADDR   0089H   A   
TR0. . . . . . . .  B ADDR   0088H.4 A   


REGISTER BANK(S) USED: 0 


ASSEMBLY COMPLETE.  0 WARNING(S), 0 ERROR(S)
