A51 MACRO ASSEMBLER  TASK4_3                                                              03/15/2023 21:52:09 PAGE     1


MACRO ASSEMBLER A51 V8.2.5.0
OBJECT MODULE PLACED IN .\Objects\task4_3.obj
ASSEMBLER INVOKED BY: C:\Keil_v5\C51\BIN\A51.EXE task4_3.asm SET(SMALL) DEBUG PRINT(.\Listings\task4_3.lst) OBJECT(.\Obj
                      ects\task4_3.obj) EP

LOC  OBJ            LINE     SOURCE

0000                   1     ORG 0000H

0000 758950            2               MOV   TMOD,#01010000B

0003 758B00            3               MOV   TL1,#0

0006 D2B5              4               SETB  P3.5

0008 D28E              5     AGAIN:    SETB  TR1

000A E58B              6     BACK:     MOV   A,TL1

000C F5B0              7               MOV   P3,A

000E 308FF9            8               JNB   TF1,BACK

0011 C28E              9               CLR   TR1

0013 C28F             10               CLR   TF1

0015 80F1             11               SJMP  AGAIN

                      12     END

A51 MACRO ASSEMBLER  TASK4_3                                                              03/15/2023 21:52:09 PAGE     2

SYMBOL TABLE LISTING
------ ----- -------


N A M E             T Y P E  V A L U E   ATTRIBUTES

AGAIN. . . . . . .  C ADDR   0008H   A   
BACK . . . . . . .  C ADDR   000AH   A   
P3 . . . . . . . .  D ADDR   00B0H   A   
TF1. . . . . . . .  B ADDR   0088H.7 A   
TL1. . . . . . . .  D ADDR   008BH   A   
TMOD . . . . . . .  D ADDR   0089H   A   
TR1. . . . . . . .  B ADDR   0088H.6 A   


REGISTER BANK(S) USED: 0 


ASSEMBLY COMPLETE.  0 WARNING(S), 0 ERROR(S)
