A51 MACRO ASSEMBLER  TASK1_3A                                                             01/18/2023 17:44:30 PAGE     1


MACRO ASSEMBLER A51 V8.2.5.0
OBJECT MODULE PLACED IN .\Objects\task1_3a.obj
ASSEMBLER INVOKED BY: C:\Keil_v5\C51\BIN\A51.EXE task1_3a.asm SET(SMALL) DEBUG PRINT(.\Listings\task1_3a.lst) OBJECT(.\O
                      bjects\task1_3a.obj) EP

LOC  OBJ            LINE     SOURCE

0000                   1     ORG 0000H

0000 7425              2             MOV A, #25H

0002 F540              3             MOV 40H, A

0004 F541              4             MOV 41H, A

0006 F542              5             MOV 42H, A

0008 F543              6             MOV 43H, A

000A F544              7             MOV 44H, A

000C F545              8             MOV 45H, A

                       9     END

A51 MACRO ASSEMBLER  TASK1_3A                                                             01/18/2023 17:44:30 PAGE     2

SYMBOL TABLE LISTING
------ ----- -------


N A M E             T Y P E  V A L U E   ATTRIBUTES



REGISTER BANK(S) USED: 0 


ASSEMBLY COMPLETE.  0 WARNING(S), 0 ERROR(S)
