A51 MACRO ASSEMBLER  TASK1_1                                                              01/17/2023 21:44:28 PAGE     1


MACRO ASSEMBLER A51 V8.2.5.0
OBJECT MODULE PLACED IN .\Objects\task1_1.obj
ASSEMBLER INVOKED BY: C:\Keil_v5\C51\BIN\A51.EXE task1_1.asm SET(SMALL) DEBUG PRINT(.\Listings\task1_1.lst) OBJECT(.\Obj
                      ects\task1_1.obj) EP

LOC  OBJ            LINE     SOURCE

0000                   1     ORG 0000H

0000 7935              2             MOV R1, #35H

0002 7A45              3             MOV R2, #45H

0004 7B55              4             MOV R3, #55H

0006 7C65              5             MOV R4, #65H

0008 C000              6             PUSH 0

000A C001              7             PUSH 1

000C C002              8             PUSH 2

000E C003              9             PUSH 3

0010 C004             10             PUSH 4

                      11     END

A51 MACRO ASSEMBLER  TASK1_1                                                              01/17/2023 21:44:28 PAGE     2

SYMBOL TABLE LISTING
------ ----- -------


N A M E             T Y P E  V A L U E   ATTRIBUTES



REGISTER BANK(S) USED: 0 


ASSEMBLY COMPLETE.  0 WARNING(S), 0 ERROR(S)
