A51 MACRO ASSEMBLER  TASK2_1                                                              01/18/2023 18:33:44 PAGE     1


MACRO ASSEMBLER A51 V8.2.5.0
OBJECT MODULE PLACED IN .\Objects\task2_1.obj
ASSEMBLER INVOKED BY: C:\Keil_v5\C51\BIN\A51.EXE task2_1.asm SET(SMALL) DEBUG PRINT(.\Listings\task2_1.lst) OBJECT(.\Obj
                      ects\task2_1.obj) EP

LOC  OBJ            LINE     SOURCE

0000                   1     ORG 0000H

0000 900200            2             MOV DPTR, #200H

0003 780E              3             MOV R0, #14

0005 7940              4             MOV R1, #40H

0007 E4                5             LOOP:   CLR A

0008 93                6             MOVC A, @A+DPTR

0009 F7                7             MOV @R1, A

000A 09                8             INC R1

000B A3                9             INC DPTR

000C D8F9             10             DJNZ R0, LOOP

                      11                     

000E 80FE             12     HERE: SJMP HERE

                      13     

0200                  14     ORG 200H

0200 56495420         15             MYDATA: DB "VIT UNIVERSITY"

0204 554E4956                
0208 45525349                
020C 5459                    
                      16     END

                                     

A51 MACRO ASSEMBLER  TASK2_1                                                              01/18/2023 18:33:44 PAGE     2

SYMBOL TABLE LISTING
------ ----- -------


N A M E             T Y P E  V A L U E   ATTRIBUTES

HERE . . . . . . .  C ADDR   000EH   A   
LOOP . . . . . . .  C ADDR   0007H   A   
MYDATA . . . . . .  C ADDR   0200H   A   


REGISTER BANK(S) USED: 0 


ASSEMBLY COMPLETE.  0 WARNING(S), 0 ERROR(S)
